// Jest Snapshot v1, https://goo.gl/fbAQLP

exports[`<SearchAddress  /> should match snapshot 1`] = `
.c5 {
  display: inline-block;
  -webkit-flex: 0 0 auto;
  -ms-flex: 0 0 auto;
  flex: 0 0 auto;
  width: 24px;
  height: 24px;
  fill: #666666;
  stroke: #666666;
}

.c5 g {
  fill: inherit;
  stroke: inherit;
}

.c5 *:not([stroke])[fill="none"] {
  stroke-width: 0;
}

.c5 *[stroke*="#"],
.c5 *[STROKE*="#"] {
  stroke: inherit;
  fill: none;
}

.c5 *[fill-rule],
.c5 *[FILL-RULE],
.c5 *[fill*="#"],
.c5 *[FILL*="#"] {
  fill: inherit;
  stroke: none;
}

.c0 {
  display: -webkit-box;
  display: -webkit-flex;
  display: -ms-flexbox;
  display: flex;
  box-sizing: border-box;
  max-width: 100%;
  -webkit-align-items: center;
  -webkit-box-align: center;
  -ms-flex-align: center;
  align-items: center;
  border: solid 1px rgba(0,0,0,0.33);
  min-width: 0;
  min-height: 0;
  -webkit-flex-direction: row;
  -ms-flex-direction: row;
  flex-direction: row;
  max-width: 600px;
  height: 100%;
  -webkit-box-pack: center;
  -webkit-justify-content: center;
  -ms-flex-pack: center;
  justify-content: center;
  border-radius: 30px;
}

.c3 {
  display: -webkit-box;
  display: -webkit-flex;
  display: -ms-flexbox;
  display: flex;
  box-sizing: border-box;
  max-width: 100%;
  margin-left: 36px;
  min-width: 0;
  min-height: 0;
  -webkit-flex-direction: column;
  -ms-flex-direction: column;
  flex-direction: column;
  -webkit-flex: 0 1 auto;
  -ms-flex: 0 1 auto;
  flex: 0 1 auto;
}

.c6 {
  box-sizing: border-box;
  font-size: inherit;
  font-family: inherit;
  border: none;
  -webkit-appearance: none;
  background: transparent;
  color: inherit;
  width: 100%;
  padding: 11px;
  font-weight: 600;
  margin: 0;
  border: 1px solid rgba(0,0,0,0.33);
  border-radius: 4px;
  outline: none;
  border: none;
  padding-left: 48px;
}

.c6:focus {
  outline: none;
  box-shadow: 0 0 2px 2px #6FFFB0;
}

.c6:focus > circle,
.c6:focus > ellipse,
.c6:focus > line,
.c6:focus > path,
.c6:focus > polygon,
.c6:focus > polyline,
.c6:focus > rect {
  outline: none;
  box-shadow: 0 0 2px 2px #6FFFB0;
}

.c6:focus::-moz-focus-inner {
  border: 0;
}

.c6::-webkit-input-placeholder {
  color: #AAAAAA;
}

.c6::-moz-placeholder {
  color: #AAAAAA;
}

.c6:-ms-input-placeholder {
  color: #AAAAAA;
}

.c6::-webkit-search-decoration {
  -webkit-appearance: none;
}

.c6::-moz-focus-inner {
  border: none;
  outline: none;
}

.c6:-moz-placeholder,
.c6::-moz-placeholder {
  opacity: 1;
}

.c1 {
  position: relative;
  width: 100%;
}

.c2 {
  position: absolute;
  left: 11px;
  top: 50%;
  -webkit-transform: translateY(-50%);
  -ms-transform: translateY(-50%);
  transform: translateY(-50%);
  display: -webkit-box;
  display: -webkit-flex;
  display: -ms-flexbox;
  display: flex;
  -webkit-box-pack: center;
  -webkit-justify-content: center;
  -ms-flex-pack: center;
  justify-content: center;
  pointer-events: none;
}

.c4 {
  position: absolute;
  display: -webkit-box;
  display: -webkit-flex;
  display: -ms-flexbox;
  display: flex;
  -webkit-box-packjustify: center;
  -webkit-justify: center;
  -ms-flex-packjustify: center;
  justify: center;
  top: 50%;
  -webkit-transform: translateY(-50%);
  -ms-transform: translateY(-50%);
  transform: translateY(-50%);
  pointer-events: none;
  left: 12px;
}

@media only screen and (max-width:768px) {
  .c0 {
    border: solid 1px rgba(0,0,0,0.33);
  }
}

@media only screen and (max-width:768px) {
  .c3 {
    margin-left: 36px;
  }
}

<form>
  <div
    class="c0"
  >
    <div
      class="c1"
    >
      <div
        class="c2"
      >
        <div
          class="c3"
          style="text-overflow: ellipsis;"
        >
          toolbar.search.placeholder
        </div>
      </div>
      <div
        class="c4"
      >
        <svg
          aria-label="Search"
          class="c5"
          viewBox="0 0 24 24"
        >
          <path
            d="m15 15 7 7-7-7zm-5.5 2a7.5 7.5 0 1 0 0-15 7.5 7.5 0 0 0 0 15z"
            fill="none"
            stroke="#000"
            stroke-width="2"
          />
        </svg>
      </div>
      <input
        autocomplete="off"
        class="c6"
        data-testid="searchaddress"
        value=""
      />
    </div>
    
  </div>
</form>
`;
