// Jest Snapshot v1, https://goo.gl/fbAQLP

exports[`<AddEscrowForm /> should match snapshot 1`] = `
.c0 {
  display: -webkit-box;
  display: -webkit-flex;
  display: -ms-flexbox;
  display: flex;
  box-sizing: border-box;
  max-width: 100%;
  min-width: 0;
  min-height: 0;
  -webkit-flex-direction: row;
  -ms-flex-direction: row;
  flex-direction: row;
  padding-top: 12px;
}

.c1 {
  display: -webkit-box;
  display: -webkit-flex;
  display: -ms-flexbox;
  display: flex;
  box-sizing: border-box;
  max-width: 100%;
  background-color: #FFFFFF;
  color: #444444;
  min-width: 0;
  min-height: 0;
  -webkit-flex-direction: column;
  -ms-flex-direction: column;
  flex-direction: column;
}

.c4 {
  -webkit-flex: 0 0 auto;
  -ms-flex: 0 0 auto;
  flex: 0 0 auto;
  -webkit-align-self: stretch;
  -ms-flex-item-align: stretch;
  align-self: stretch;
  width: 12px;
}

.c5 {
  display: inline-block;
  box-sizing: border-box;
  cursor: pointer;
  font: inherit;
  -webkit-text-decoration: none;
  text-decoration: none;
  margin: 0;
  background: transparent;
  overflow: visible;
  text-transform: none;
  border: 2px solid #7D4CDB;
  border-radius: 18px;
  color: #444444;
  padding: 4px 22px;
  font-size: 18px;
  line-height: 24px;
  background-color: #7D4CDB;
  color: #f8f8f8;
  border-radius: 18px;
  -webkit-transition-property: color,background-color,border-color,box-shadow;
  transition-property: color,background-color,border-color,box-shadow;
  -webkit-transition-duration: 0.1s;
  transition-duration: 0.1s;
  -webkit-transition-timing-function: ease-in-out;
  transition-timing-function: ease-in-out;
}

.c5:hover {
  box-shadow: 0px 0px 0px 2px #7D4CDB;
}

.c5:focus {
  outline: none;
  box-shadow: 0 0 2px 2px #6FFFB0;
}

.c5:focus > circle,
.c5:focus > ellipse,
.c5:focus > line,
.c5:focus > path,
.c5:focus > polygon,
.c5:focus > polyline,
.c5:focus > rect {
  outline: none;
  box-shadow: 0 0 2px 2px #6FFFB0;
}

.c5:focus::-moz-focus-inner {
  border: 0;
}

.c5:focus:not(:focus-visible) {
  outline: none;
  box-shadow: none;
}

.c5:focus:not(:focus-visible) > circle,
.c5:focus:not(:focus-visible) > ellipse,
.c5:focus:not(:focus-visible) > line,
.c5:focus:not(:focus-visible) > path,
.c5:focus:not(:focus-visible) > polygon,
.c5:focus:not(:focus-visible) > polyline,
.c5:focus:not(:focus-visible) > rect {
  outline: none;
  box-shadow: none;
}

.c5:focus:not(:focus-visible)::-moz-focus-inner {
  border: 0;
}

.c3 {
  box-sizing: border-box;
  font-size: inherit;
  font-family: inherit;
  border: none;
  -webkit-appearance: none;
  background: transparent;
  color: inherit;
  width: 100%;
  padding: 11px;
  font-weight: 600;
  margin: 0;
  border: 1px solid rgba(0,0,0,0.33);
  border-radius: 4px;
}

.c3:focus {
  outline: none;
  box-shadow: 0 0 2px 2px #6FFFB0;
}

.c3:focus > circle,
.c3:focus > ellipse,
.c3:focus > line,
.c3:focus > path,
.c3:focus > polygon,
.c3:focus > polyline,
.c3:focus > rect {
  outline: none;
  box-shadow: 0 0 2px 2px #6FFFB0;
}

.c3:focus::-moz-focus-inner {
  border: 0;
}

.c3::-webkit-input-placeholder {
  color: #AAAAAA;
}

.c3::-moz-placeholder {
  color: #AAAAAA;
}

.c3:-ms-input-placeholder {
  color: #AAAAAA;
}

.c3::-webkit-search-decoration {
  -webkit-appearance: none;
}

.c3::-moz-focus-inner {
  border: none;
  outline: none;
}

.c3:-moz-placeholder,
.c3::-moz-placeholder {
  opacity: 1;
}

.c2 {
  position: relative;
  width: 100%;
}

@media only screen and (max-width:768px) {
  .c0 {
    padding-top: 6px;
  }
}

@media only screen and (max-width:768px) {
  .c4 {
    width: 6px;
  }
}

<form>
  <div
    class="c0"
  >
    <div
      class="c1"
    >
      <div
        class="c2"
      >
        <input
          autocomplete="off"
          class="c3"
          data-testid="amount"
          id="amount-id"
          min="0"
          name="amount"
          placeholder="common.amount"
          required=""
          step="any"
          type="number"
          value=""
        />
      </div>
    </div>
    <div
      class="c4"
    />
    <button
      class="c5"
      style="border-radius: 4px;"
      type="submit"
    >
      account.addEscrow.delegate
    </button>
  </div>
</form>
`;
