// Jest Snapshot v1, https://goo.gl/fbAQLP

exports[`<Toolbar  /> should match snapshot 1`] = `
.c7 {
  display: inline-block;
  -webkit-flex: 0 0 auto;
  -ms-flex: 0 0 auto;
  flex: 0 0 auto;
  width: 24px;
  height: 24px;
  fill: #666666;
  stroke: #666666;
}

.c7 g {
  fill: inherit;
  stroke: inherit;
}

.c7 *:not([stroke])[fill="none"] {
  stroke-width: 0;
}

.c7 *[stroke*="#"],
.c7 *[STROKE*="#"] {
  stroke: inherit;
  fill: none;
}

.c7 *[fill-rule],
.c7 *[FILL-RULE],
.c7 *[fill*="#"],
.c7 *[FILL*="#"] {
  fill: inherit;
  stroke: none;
}

.c0 {
  display: -webkit-box;
  display: -webkit-flex;
  display: -ms-flexbox;
  display: flex;
  box-sizing: border-box;
  max-width: 100%;
  background: component-toolbar;
  min-width: 0;
  min-height: 0;
  -webkit-flex-direction: row;
  -ms-flex-direction: row;
  flex-direction: row;
  min-height: auto;
  width: 100%;
  padding: 12px;
}

.c1 {
  display: -webkit-box;
  display: -webkit-flex;
  display: -ms-flexbox;
  display: flex;
  box-sizing: border-box;
  max-width: 100%;
  min-width: 0;
  min-height: 0;
  -webkit-flex-direction: column;
  -ms-flex-direction: column;
  flex-direction: column;
  -webkit-flex: 1 1;
  -ms-flex: 1 1;
  flex: 1 1;
}

.c2 {
  display: -webkit-box;
  display: -webkit-flex;
  display: -ms-flexbox;
  display: flex;
  box-sizing: border-box;
  max-width: 100%;
  -webkit-align-items: center;
  -webkit-box-align: center;
  -ms-flex-align: center;
  align-items: center;
  border: solid 1px rgba(0,0,0,0.33);
  min-width: 0;
  min-height: 0;
  -webkit-flex-direction: row;
  -ms-flex-direction: row;
  flex-direction: row;
  max-width: 600px;
  height: 100%;
  -webkit-box-pack: center;
  -webkit-justify-content: center;
  -ms-flex-pack: center;
  justify-content: center;
  border-radius: 30px;
}

.c5 {
  display: -webkit-box;
  display: -webkit-flex;
  display: -ms-flexbox;
  display: flex;
  box-sizing: border-box;
  max-width: 100%;
  margin-left: 36px;
  min-width: 0;
  min-height: 0;
  -webkit-flex-direction: column;
  -ms-flex-direction: column;
  flex-direction: column;
  -webkit-flex: 0 1 auto;
  -ms-flex: 0 1 auto;
  flex: 0 1 auto;
}

.c10 {
  display: -webkit-box;
  display: -webkit-flex;
  display: -ms-flexbox;
  display: flex;
  box-sizing: border-box;
  max-width: 100%;
  border: solid 1px rgba(0,0,0,0.33);
  min-width: 0;
  min-height: 0;
  -webkit-flex-direction: column;
  -ms-flex-direction: column;
  flex-direction: column;
  -webkit-box-pack: end;
  -webkit-justify-content: flex-end;
  -ms-flex-pack: end;
  justify-content: flex-end;
  border-radius: 3px;
}

.c12 {
  display: -webkit-box;
  display: -webkit-flex;
  display: -ms-flexbox;
  display: flex;
  box-sizing: border-box;
  max-width: 100%;
  min-width: 0;
  min-height: 0;
  -webkit-flex-direction: row;
  -ms-flex-direction: row;
  flex-direction: row;
  padding: 12px;
}

.c9 {
  -webkit-flex: 0 0 auto;
  -ms-flex: 0 0 auto;
  flex: 0 0 auto;
  -webkit-align-self: stretch;
  -ms-flex-item-align: stretch;
  align-self: stretch;
  width: 12px;
}

.c13 {
  -webkit-flex: 0 0 auto;
  -ms-flex: 0 0 auto;
  flex: 0 0 auto;
  -webkit-align-self: stretch;
  -ms-flex-item-align: stretch;
  align-self: stretch;
  width: 12px;
}

.c14 {
  font-size: 18px;
  line-height: 24px;
}

.c11 {
  display: inline-block;
  box-sizing: border-box;
  cursor: pointer;
  font: inherit;
  -webkit-text-decoration: none;
  text-decoration: none;
  margin: 0;
  background: transparent;
  overflow: visible;
  text-transform: none;
  color: inherit;
  outline: none;
  border: none;
  padding: 0;
  text-align: inherit;
  width: 100%;
  height: 100%;
  max-width: none;
  -webkit-flex: 1 0 auto;
  -ms-flex: 1 0 auto;
  flex: 1 0 auto;
}

.c11:focus {
  outline: none;
  box-shadow: 0 0 2px 2px #6FFFB0;
}

.c11:focus > circle,
.c11:focus > ellipse,
.c11:focus > line,
.c11:focus > path,
.c11:focus > polygon,
.c11:focus > polyline,
.c11:focus > rect {
  outline: none;
  box-shadow: 0 0 2px 2px #6FFFB0;
}

.c11:focus::-moz-focus-inner {
  border: 0;
}

.c11:focus:not(:focus-visible) {
  outline: none;
  box-shadow: none;
}

.c11:focus:not(:focus-visible) > circle,
.c11:focus:not(:focus-visible) > ellipse,
.c11:focus:not(:focus-visible) > line,
.c11:focus:not(:focus-visible) > path,
.c11:focus:not(:focus-visible) > polygon,
.c11:focus:not(:focus-visible) > polyline,
.c11:focus:not(:focus-visible) > rect {
  outline: none;
  box-shadow: none;
}

.c11:focus:not(:focus-visible)::-moz-focus-inner {
  border: 0;
}

.c8 {
  box-sizing: border-box;
  font-size: inherit;
  font-family: inherit;
  border: none;
  -webkit-appearance: none;
  background: transparent;
  color: inherit;
  width: 100%;
  padding: 11px;
  font-weight: 600;
  margin: 0;
  border: 1px solid rgba(0,0,0,0.33);
  border-radius: 4px;
  outline: none;
  border: none;
  padding-left: 48px;
}

.c8:focus {
  outline: none;
  box-shadow: 0 0 2px 2px #6FFFB0;
}

.c8:focus > circle,
.c8:focus > ellipse,
.c8:focus > line,
.c8:focus > path,
.c8:focus > polygon,
.c8:focus > polyline,
.c8:focus > rect {
  outline: none;
  box-shadow: 0 0 2px 2px #6FFFB0;
}

.c8:focus::-moz-focus-inner {
  border: 0;
}

.c8::-webkit-input-placeholder {
  color: #AAAAAA;
}

.c8::-moz-placeholder {
  color: #AAAAAA;
}

.c8:-ms-input-placeholder {
  color: #AAAAAA;
}

.c8::-webkit-search-decoration {
  -webkit-appearance: none;
}

.c8::-moz-focus-inner {
  border: none;
  outline: none;
}

.c8:-moz-placeholder,
.c8::-moz-placeholder {
  opacity: 1;
}

.c3 {
  position: relative;
  width: 100%;
}

.c4 {
  position: absolute;
  left: 11px;
  top: 50%;
  -webkit-transform: translateY(-50%);
  -ms-transform: translateY(-50%);
  transform: translateY(-50%);
  display: -webkit-box;
  display: -webkit-flex;
  display: -ms-flexbox;
  display: flex;
  -webkit-box-pack: center;
  -webkit-justify-content: center;
  -ms-flex-pack: center;
  justify-content: center;
  pointer-events: none;
}

.c6 {
  position: absolute;
  display: -webkit-box;
  display: -webkit-flex;
  display: -ms-flexbox;
  display: flex;
  -webkit-box-packjustify: center;
  -webkit-justify: center;
  -ms-flex-packjustify: center;
  justify: center;
  top: 50%;
  -webkit-transform: translateY(-50%);
  -ms-transform: translateY(-50%);
  transform: translateY(-50%);
  pointer-events: none;
  left: 12px;
}

@media only screen and (max-width:768px) {
  .c0 {
    padding: 6px;
  }
}

@media only screen and (max-width:768px) {
  .c2 {
    border: solid 1px rgba(0,0,0,0.33);
  }
}

@media only screen and (max-width:768px) {
  .c5 {
    margin-left: 36px;
  }
}

@media only screen and (max-width:768px) {
  .c10 {
    border: solid 1px rgba(0,0,0,0.33);
  }
}

@media only screen and (max-width:768px) {
  .c9 {
    width: 6px;
  }
}

<div
  class="c0"
>
  <div
    class="c1"
  >
    <form>
      <div
        class="c2"
      >
        <div
          class="c3"
        >
          <div
            class="c4"
          >
            <div
              class="c5"
              style="text-overflow: ellipsis;"
            >
              toolbar.search.placeholder
            </div>
          </div>
          <div
            class="c6"
          >
            <svg
              aria-label="Search"
              class="c7"
              viewBox="0 0 24 24"
            >
              <path
                d="m15 15 7 7-7-7zm-5.5 2a7.5 7.5 0 1 0 0-15 7.5 7.5 0 0 0 0 15z"
                fill="none"
                stroke="#000"
                stroke-width="2"
              />
            </svg>
          </div>
          <input
            autocomplete="off"
            class="c8"
            data-testid="searchaddress"
            value=""
          />
        </div>
        
      </div>
    </form>
  </div>
  <div
    class="c9"
  />
  <div
    class="c10"
  >
    <button
      aria-label="Open Menu"
      class="c11"
      type="button"
    >
      <div
        class="c12"
        data-testid="network-selector"
      >
        <svg
          aria-label="Network"
          class="c7"
          viewBox="0 0 24 24"
        >
          <path
            d="M7.5 7v8.514c0 4.243 5.5 2.829 5.5 6.6V24m-2-14L7.5 7 4 10m12.5-8v8.44c0 4.068-3.5 2.712-3.5 6.328V24m0-19 3.5-3L20 5"
            fill="none"
            stroke="#000"
            stroke-width="2"
          />
        </svg>
        <div
          class="c13"
        />
        <span
          class="c14"
          data-testid="active-network"
        />
      </div>
    </button>
  </div>
</div>
`;
